current directory: G:/devspace/projects/powershell/_repos/phwriter/docs/vendor/bundle/ruby/3.3.0/gems/json-2.20.0/ext/json/ext/parser
G:/Applications_dev_env/Ruby33-x64/bin/ruby.exe extconf.rb
checking for rb_enc_interned_str() in ruby/encoding.h... yes
checking for rb_str_to_interned_str() in ruby.h... yes
checking for rb_hash_new_capa() in ruby.h... yes
checking for rb_hash_bulk_insert() in ruby.h... yes
checking for ruby_xfree_sized() in ruby.h... no
checking for __builtin_clzll()... yes
checking for x86intrin.h... yes
checking for _lzcnt_u64() in x86intrin.h... no
checking for intrin.h... yes
checking for __lzcnt64() in intrin.h... no
checking for _BitScanReverse64() in intrin.h... yes
checking for RUBY_TYPED_EMBEDDABLE in ruby.h... yes
checking for whether -std=c99 is accepted as CFLAGS... yes
checking for x86intrin.h... yes
checking for cpuid.h... yes
creating Makefile

current directory: G:/devspace/projects/powershell/_repos/phwriter/docs/vendor/bundle/ruby/3.3.0/gems/json-2.20.0/ext/json/ext/parser
make DESTDIR\= sitearchdir\=./.gem.20260703-14968-3990y5 sitelibdir\=./.gem.20260703-14968-3990y5 clean

current directory: G:/devspace/projects/powershell/_repos/phwriter/docs/vendor/bundle/ruby/3.3.0/gems/json-2.20.0/ext/json/ext/parser
make DESTDIR\= sitearchdir\=./.gem.20260703-14968-3990y5 sitelibdir\=./.gem.20260703-14968-3990y5
generating parser-x64-mingw-ucrt.def
compiling parser.c
linking shared-object json/ext/parser.so

current directory: G:/devspace/projects/powershell/_repos/phwriter/docs/vendor/bundle/ruby/3.3.0/gems/json-2.20.0/ext/json/ext/parser
make DESTDIR\= sitearchdir\=./.gem.20260703-14968-3990y5 sitelibdir\=./.gem.20260703-14968-3990y5 install
/usr/bin/install -c -m 0755 parser.so ./.gem.20260703-14968-3990y5/json/ext

current directory: G:/devspace/projects/powershell/_repos/phwriter/docs/vendor/bundle/ruby/3.3.0/gems/json-2.20.0/ext/json/ext/parser
make DESTDIR\= sitearchdir\=./.gem.20260703-14968-3990y5 sitelibdir\=./.gem.20260703-14968-3990y5 clean
